username=&password=&message=Content-Type%3A+text%2Fplain%3B+charset%3D%22us-ascii%22%5CnMIME-Version%3A+1.0%5CnContent-Transfer-Encoding%3A+7bit%5CnSubject%3A+Test+Message+from+Toll%5CnFrom%3A+loumar%40tollgroup.com%5CnTo%3A+loumar%40tollgroup.com%5Cn%5CnTEST+MESSAGE
