<?xml version='1.0' encoding='UTF-8'?>\n<messages>\n  <accountreference>EX0111642</accountreference>\n  <message>\n    <to>0431602145</to>\n    <body>Your tracking # 1234567890_connote has been delivered to Auburn Newsagency, 119 Auburn Road, HAWTHORN EAST, 3123.\n\nPlease bring your photo-ID for collection</body>\n  </message>\n</messages>\n
